// Jest Snapshot v1, https://goo.gl/fbAQLP

exports[`src func list export modules correctly 1`] = `
Array [
  "filterParams",
  "paramToObj",
  "queryString",
  "getIP",
  "beNaN",
  "isArray",
  "isLength",
  "isNull",
  "isNumber",
  "isObject",
  "isString",
  "isUndefined",
  "maxArrNum",
  "minArrNum",
  "uniqueArray",
  "isRepeatArray",
  "arrayToTree",
  "arrayTreeCallBack",
  "deepCopy",
  "filter",
  "getNodeByKeyValues",
  "sortTree",
  "filterTree",
  "filterTreeFn",
  "getValueByPath",
  "debounce",
  "downloadLink",
  "drawLineArrow",
  "throttle",
  "antdFormFormat",
  "btSize",
  "formatDate",
  "numpoints",
  "hexToRgb",
  "rgbToHex",
  "unBindAntdForm",
  "emptyObj",
  "isEquivalentObj",
  "addNums",
  "randomId",
  "randomColor",
  "trim",
  "useCompose",
  "saveHook",
  "useComposeAsync",
  "useCurry",
  "usePartialHook",
  "useDivide",
]
`;
